[alisena-html.buzline.org/index.html]
[backblue.gif]
[fade.gif]
[index.html]
[alisena-html.buzline.org/img/favicon/favicon.ico]
[maxcdn.bootstrapcdn.com/bootstrap/3.3.7/css/bootstrap.min.css]
[cdn.materialdesignicons.com/2.7.94/css/materialdesignicons.min.css]
[cdnjs.cloudflare.com/ajax/libs/slick-carousel/1.9.0/slick.min.css]
[cdnjs.cloudflare.com/ajax/libs/select2/4.0.6-rc.0/css/select2.min.css]
[cdn.jsdelivr.net/npm/daterangepicker/daterangepicker.css]
[cdn.rawgit.com/noelboss/featherlight/1.7.13/release/featherlight.min.css]
[alisena-html.buzline.org/img/logo.png]
[alisena-html.buzline.org/index-2.html]
[alisena-html.buzline.org/css/index.css]
[alisena-html.buzline.org/about.html]
[alisena-html.buzline.org/typography.html]
[alisena-html.buzline.org/gallery.html]
[alisena-html.buzline.org/gallery-two-columns.html]
[alisena-html.buzline.org/gallery-four-columns.html]
[alisena-html.buzline.org/enroll.html]
[alisena-html.buzline.org/custom-page-one.html]
[alisena-html.buzline.org/custom-page-two.html]
[alisena-html.buzline.org/custom-page-three.html]
[alisena-html.buzline.org/custom-page-four.html]
[alisena-html.buzline.org/classes.html]
[alisena-html.buzline.org/single-classes.html]
[alisena-html.buzline.org/events.html]
[alisena-html.buzline.org/single-event.html]
[alisena-html.buzline.org/teachers.html]
[alisena-html.buzline.org/single-team.html]
[alisena-html.buzline.org/blog.html]
[alisena-html.buzline.org/single-post.html]
[alisena-html.buzline.org/blog-left-sidebar.html]
[alisena-html.buzline.org/blog-two-columns.html]
[alisena-html.buzline.org/blog-chess.html]
[alisena-html.buzline.org/timetable.html]
[alisena-html.buzline.org/contacts.html]
[alisena-html.buzline.org/img/home-slide_img.jpg]
[alisena-html.buzline.org/img/buterfly-2.png]
[alisena-html.buzline.org/img/bee.png]
[alisena-html.buzline.org/img/buterfly.png]
[alisena-html.buzline.org/img/home-slide_img-2.jpg]
[alisena-html.buzline.org/img/paper-plane.png]
[alisena-html.buzline.org/img/baby-food.png]
[alisena-html.buzline.org/img/mortarboard.png]
[alisena-html.buzline.org/img/about-prev.jpg]
[alisena-html.buzline.org/img/benefits-prev.jpg]
[alisena-html.buzline.org/img/ballon_1.png]
[alisena-html.buzline.org/img/ballon_2.png]
[alisena-html.buzline.org/img/little_boy.png]
[alisena-html.buzline.org/img/classes-1.jpg]
[alisena-html.buzline.org/img/classes-2.jpg]
[alisena-html.buzline.org/img/classes-3.jpg]
[alisena-html.buzline.org/img/bush.png]
[alisena-html.buzline.org/img/employe-1.jpg]
[alisena-html.buzline.org/img/employe-2.jpg]
[alisena-html.buzline.org/img/employe-3.jpg]
[alisena-html.buzline.org/img/employe-4.jpg]
[alisena-html.buzline.org/img/employe-5.jpg]
[alisena-html.buzline.org/img/employe-6.jpg]
[alisena-html.buzline.org/img/bird.png]
[alisena-html.buzline.org/img/gallery-popup-1.jpg]
[alisena-html.buzline.org/img/gallery-1.jpg]
[alisena-html.buzline.org/img/gallery-popup-2.jpg]
[alisena-html.buzline.org/img/gallery-2.jpg]
[alisena-html.buzline.org/img/gallery-popup-3.jpg]
[alisena-html.buzline.org/img/gallery-3.jpg]
[alisena-html.buzline.org/img/gallery-popup-4.jpg]
[alisena-html.buzline.org/img/gallery-4.jpg]
[alisena-html.buzline.org/img/gallery-popup-5.jpg]
[alisena-html.buzline.org/img/gallery-5.jpg]
[alisena-html.buzline.org/img/gallery-popup-6.jpg]
[alisena-html.buzline.org/img/gallery-6.jpg]
[alisena-html.buzline.org/img/gallery-popup-7.jpg]
[alisena-html.buzline.org/img/gallery-7.jpg]
[alisena-html.buzline.org/img/gallery-popup-8.jpg]
[alisena-html.buzline.org/img/gallery-8.jpg]
[alisena-html.buzline.org/img/caterpillar.png]
[alisena-html.buzline.org/img/event-1.jpg]
[alisena-html.buzline.org/img/event-2.jpg]
[alisena-html.buzline.org/img/bee-2.png]
[alisena-html.buzline.org/img/books.png]
[alisena-html.buzline.org/img/rocket.png]
[alisena-html.buzline.org/img/atom.png]
[alisena-html.buzline.org/img/testimonial-1.jpg]
[alisena-html.buzline.org/img/bird-2.png]
[alisena-html.buzline.org/img/flower.png]
[alisena-html.buzline.org/img/logo-white.png]
[alisena-html.buzline.org/img/footer-gallery-1.jpg]
[alisena-html.buzline.org/img/footer-gallery-2.jpg]
[alisena-html.buzline.org/img/footer-gallery-3.jpg]
[alisena-html.buzline.org/img/footer-gallery-4.jpg]
[alisena-html.buzline.org/img/footer-gallery-5.jpg]
[alisena-html.buzline.org/img/gallery-popup-10.jpg]
[alisena-html.buzline.org/img/footer-gallery-6.jpg]
[alisena-html.buzline.org/img/gallery-popup-9.jpg]
[alisena-html.buzline.org/img/footer-gallery-7.jpg]
[alisena-html.buzline.org/img/footer-gallery-8.jpg]
[alisena-html.buzline.org/img/gallery-popup-11.jpg]
[alisena-html.buzline.org/img/footer-gallery-9.jpg]
[ajax.googleapis.com/ajax/libs/jquery/3.2.1/jquery.min.js]
[maxcdn.bootstrapcdn.com/bootstrap/3.3.7/js/bootstrap.min.js]
[alisena-html.buzline.org/libs/progress/jquery.easypiechart.min.js]
[cdnjs.cloudflare.com/ajax/libs/slick-carousel/1.9.0/slick.min.js]
[cdn.rawgit.com/noelboss/featherlight/1.7.13/release/featherlight.min.js]
[cdnjs.cloudflare.com/ajax/libs/select2/4.0.6-rc.0/js/select2.min.js]
[cdn.jsdelivr.net/momentjs/latest/moment.min.js]
[cdn.jsdelivr.net/npm/daterangepicker/daterangepicker.min.js]
[alisena-html.buzline.org/index.html]
[maxcdn.bootstrapcdn.com/bootstrap/3.3.7/css/bootstrap.min.css]
[cdn.materialdesignicons.com/2.7.94/css/materialdesignicons.min.css]
[cdnjs.cloudflare.com/ajax/libs/slick-carousel/1.9.0/slick.min.css]
[cdnjs.cloudflare.com/ajax/libs/select2/4.0.6-rc.0/css/select2.min.css]
[cdn.jsdelivr.net/npm/daterangepicker/daterangepicker.css]
[cdn.rawgit.com/noelboss/featherlight/1.7.13/release/featherlight.min.css]
[alisena-html.buzline.org/js/common.js]
[alisena-html.buzline.org/img/absurdity.png]
[alisena-html.buzline.org/img/girl-1.jpg]
[alisena-html.buzline.org/img/stardust.png]
[alisena-html.buzline.org/css/index.css]
[alisena-html.buzline.org/index-2.html]
[alisena-html.buzline.org/img/about-img.jpg]
[alisena-html.buzline.org/img/shield.png]
[alisena-html.buzline.org/img/football.png]
[alisena-html.buzline.org/img/school-bus-front.png]
[alisena-html.buzline.org/img/art.png]
[alisena-html.buzline.org/img/abc-block.png]
[alisena-html.buzline.org/img/exam.png]
[alisena-html.buzline.org/img/bell.png]
[alisena-html.buzline.org/img/university.png]
[alisena-html.buzline.org/img/dancer.png]
[alisena-html.buzline.org/img/music-player.png]
[alisena-html.buzline.org/img/basketball.png]
[alisena-html.buzline.org/about.html]
[alisena-html.buzline.org/img/lates-1.jpg]
[alisena-html.buzline.org/img/lates-2.jpg]
[alisena-html.buzline.org/img/lates-3.jpg]
[alisena-html.buzline.org/img/sidebar-banner.jpg]
[alisena-html.buzline.org/typography.html]
[alisena-html.buzline.org/img/gallery-page-1.jpg]
[alisena-html.buzline.org/img/gallery-popup-12.jpg]
[alisena-html.buzline.org/img/gallery-page-2.jpg]
[alisena-html.buzline.org/img/gallery-page-3.jpg]
[alisena-html.buzline.org/img/gallery-page-4.jpg]
[alisena-html.buzline.org/img/gallery-page-5.jpg]
[alisena-html.buzline.org/img/gallery-page-6.jpg]
[alisena-html.buzline.org/img/gallery-page-7.jpg]
[alisena-html.buzline.org/img/gallery-popup-13.jpg]
[alisena-html.buzline.org/img/gallery-page-8.jpg]
[alisena-html.buzline.org/img/gallery-10.jpg]
[alisena-html.buzline.org/gallery.html]
[alisena-html.buzline.org/img/gallery-2-col-1.jpg]
[alisena-html.buzline.org/img/gallery-2-col-2.jpg]
[alisena-html.buzline.org/img/gallery-2-col-3.jpg]
[alisena-html.buzline.org/img/gallery-2-col-4.jpg]
[alisena-html.buzline.org/img/gallery-2-col-5.jpg]
[alisena-html.buzline.org/img/gallery-2-col-6.jpg]
[alisena-html.buzline.org/gallery-two-columns.html]
[alisena-html.buzline.org/gallery-four-columns.html]
[alisena-html.buzline.org/enroll.html]
[alisena-html.buzline.org/custom-page-one.html]
[alisena-html.buzline.org/custom-page-two.html]
[alisena-html.buzline.org/custom-page-three.html]
[alisena-html.buzline.org/custom-page-four.html]
[alisena-html.buzline.org/img/classes-4.jpg]
[alisena-html.buzline.org/img/classes-5.jpg]
[alisena-html.buzline.org/img/classes-6.jpg]
[alisena-html.buzline.org/classes.html]
[alisena-html.buzline.org/img/class-img.jpg]
[alisena-html.buzline.org/img/class-gallery-1.jpg]
[alisena-html.buzline.org/img/class-gallery-2.jpg]
[alisena-html.buzline.org/img/class-gallery-3.jpg]
[alisena-html.buzline.org/img/class-gallery-4.jpg]
[alisena-html.buzline.org/single-classes.html]
[alisena-html.buzline.org/img/event-1-big.jpg]
[alisena-html.buzline.org/img/event-2-big.jpg]
[alisena-html.buzline.org/img/event-3.jpg]
[alisena-html.buzline.org/img/event-4.jpg]
[alisena-html.buzline.org/events.html]
[alisena-html.buzline.org/img/single-event.jpg]
[alisena-html.buzline.org/single-event.html]
[alisena-html.buzline.org/teachers.html]
[alisena-html.buzline.org/img/single-teacher.jpg]
[alisena-html.buzline.org/single-team.html]
[alisena-html.buzline.org/img/blog-1.jpg]
[alisena-html.buzline.org/img/blog-4.jpg]
[alisena-html.buzline.org/blog.html]
[alisena-html.buzline.org/img/single-post-small.jpg]
[alisena-html.buzline.org/single-post.html]
[alisena-html.buzline.org/blog-left-sidebar.html]
[alisena-html.buzline.org/img/video-bg.jpg]
[alisena-html.buzline.org/blog-two-columns.html]
[alisena-html.buzline.org/blog-chess.html]
[alisena-html.buzline.org/timetable.html]
[alisena-html.buzline.org/contacts.html]
[alisena-html.buzline.org/team.html]
[alisena-html.buzline.org/img/blog-3.jpg]
[alisena-html.buzline.org/img/blog-2.jpg]
[alisena-html.buzline.org/img/single-post-big.jpg]
